// Jest Snapshot v1, https://goo.gl/fbAQLP

exports[`TruncatedTextWithTooltip component renders default options 1`] = `"A short string"`;

exports[`TruncatedTextWithTooltip component renders default options 2`] = `
<button
  className="cursor-help"
  data-state="closed"
  onBlur={[Function]}
  onClick={[Function]}
  onFocus={[Function]}
  onPointerDown={[Function]}
  onPointerLeave={[Function]}
  onPointerMove={[Function]}
  type="button"
>
  a string that is more than ...
</button>
`;
