// Jest Snapshot v1, https://goo.gl/fbAQLP

exports[`TruncatedTextWithTooltip component renders default options 1`] = `
<div>
  A short string
</div>
`;

exports[`TruncatedTextWithTooltip component renders default options 2`] = `
<div>
  <button
    class="cursor-help"
    data-state="closed"
    type="button"
  >
    a string that is more than ...
  </button>
</div>
`;
